// Jest Snapshot v1, https://goo.gl/fbAQLP

exports[`Board should render correctly 1`] = `
<WithStyles(Grid)
  className="board"
  container={true}
>
  <WithStyles(Grid)
    className="board-row"
    item={true}
    xs={12}
  >
    <WithStyles(Grid)
      container={true}
      justify="center"
    >
      <WithStyles(Grid)
        className="square-0"
        item={true}
      >
        <Square
          key="0"
          onClick={[Function]}
          value="O"
        />
      </WithStyles(Grid)>
      <WithStyles(Grid)
        className="square-1"
        item={true}
      >
        <Square
          key="1"
          onClick={[Function]}
          value="O"
        />
      </WithStyles(Grid)>
      <WithStyles(Grid)
        className="square-2"
        item={true}
      >
        <Square
          key="2"
          onClick={[Function]}
          value="X"
        />
      </WithStyles(Grid)>
    </WithStyles(Grid)>
  </WithStyles(Grid)>
  <WithStyles(Grid)
    className="board-row"
    item={true}
    xs={12}
  >
    <WithStyles(Grid)
      container={true}
      justify="center"
    >
      <WithStyles(Grid)
        className="square-3"
        item={true}
      >
        <Square
          key="3"
          onClick={[Function]}
          value="0"
        />
      </WithStyles(Grid)>
      <WithStyles(Grid)
        className="square-4"
        item={true}
      >
        <Square
          key="4"
          onClick={[Function]}
          value="0"
        />
      </WithStyles(Grid)>
      <WithStyles(Grid)
        className="square-5"
        item={true}
      >
        <Square
          key="5"
          onClick={[Function]}
          value="X"
        />
      </WithStyles(Grid)>
    </WithStyles(Grid)>
  </WithStyles(Grid)>
  <WithStyles(Grid)
    className="board-row"
    item={true}
    xs={12}
  >
    <WithStyles(Grid)
      container={true}
      justify="center"
    >
      <WithStyles(Grid)
        className="square-6"
        item={true}
      >
        <Square
          key="6"
          onClick={[Function]}
          value="X"
        />
      </WithStyles(Grid)>
      <WithStyles(Grid)
        className="square-7"
        item={true}
      >
        <Square
          key="7"
          onClick={[Function]}
          value="X"
        />
      </WithStyles(Grid)>
      <WithStyles(Grid)
        className="square-8"
        item={true}
      >
        <Square
          key="8"
          onClick={[Function]}
          value="0"
        />
      </WithStyles(Grid)>
    </WithStyles(Grid)>
  </WithStyles(Grid)>
</WithStyles(Grid)>
`;
